// Vitest Snapshot v1, https://vitest.dev/guide/snapshot.html

exports[`afterEach > should run accessibility checks and report results 1`] = `
[Error: We have detected that your story "undefined" has accessibility errors.

Expected the HTML found at $('.css-1mjgzsp') to have no violations:

[90m<span class="css-1mjgzsp">[39m

Received:

[31m"Elements must meet minimum color contrast ratio thresholds (color-contrast)"

[33mFix any of the following:
  Element has insufficient color contrast of 2.76 (foreground color: #029cfd, background color: #f6f9fc, font size: 10.5pt (14px), font weight: normal). Expected contrast ratio of 4.5:1[31m

You can find more information on this issue here: 
[34mhttps://dequeuniversity.com/rules/axe/4.8/color-contrast?application=axeAPI[31m[39m]
`;
